
Kompilacja powiod┼éa si─Ö.
    Ostrze┼╝enia: 0
    Liczba b┼é─Öd├│w: 0

Czas, kt├│ry up┼éyn─ů┼é: 00:00:47.70
